No open paper bets.
No open paper bets.
No open paper bets.
No open paper bets.
No open paper bets.
No open paper bets.
No open paper bets.
No open paper bets.
No open paper bets.
No open paper bets.
No open paper bets.
No open paper bets.
No open paper bets.
Traceback (most recent call last):
  File "/root/steam_engine/main.py", line 8, in <module>
    from db import connect, init_db, insert_many, was_alert_sent, mark_alert_sent
ImportError: cannot import name 'was_alert_sent' from 'db' (/root/steam_engine/db.py). Did you mean: 'mark_alert_sent'?
No open paper bets.
Closed bets recorded: 0
Closed bets recorded: 8
Closed bets recorded: 0
Closed bets recorded: 0
Closed bets recorded: 0
Closed bets recorded: 0
Closed bets recorded: 0
Closed bets recorded: 5
Closed bets recorded: 0
Closed bets recorded: 0
Traceback (most recent call last):
  File "/root/steam_engine/main.py", line 12, in <module>
    from notify import send_discord_embed
ImportError: cannot import name 'send_discord_embed' from 'notify' (/root/steam_engine/notify.py)
Closed bets recorded: 0
Closed bets recorded: 0
Closed bets recorded: 12
Closed bets recorded: 0
Closed bets recorded: 0
Closed bets recorded: 0
Closed bets recorded: 0
Closed bets recorded: 0
Closed bets recorded: 0
Closed bets recorded: 0
Closed bets recorded: 0
Closed bets recorded: 0
Closed bets recorded: 0
Closed bets recorded: 0
Closed bets recorded: 2
Closed bets recorded: 0
Closed bets recorded: 0
  File "/root/steam_engine/main.py", line 165
    desc = f"**{t.away_team} @ {t.home_team}**
           ^
SyntaxError: unterminated f-string literal (detected at line 165)
  File "/root/steam_engine/main.py", line 165
    desc = f"**{t.away_team} @ {t.home_team}**
           ^
SyntaxError: unterminated f-string literal (detected at line 165)
  File "/root/steam_engine/main.py", line 165
    desc = f"**{t.away_team} @ {t.home_team}**
           ^
SyntaxError: unterminated f-string literal (detected at line 165)
  File "/root/steam_engine/main.py", line 165
    desc = f"**{t.away_team} @ {t.home_team}**
           ^
SyntaxError: unterminated f-string literal (detected at line 165)
  File "/root/steam_engine/main.py", line 165
    desc = f"**{t.away_team} @ {t.home_team}**
           ^
SyntaxError: unterminated f-string literal (detected at line 165)
  File "/root/steam_engine/main.py", line 165
    desc = f"**{t.away_team} @ {t.home_team}**
           ^
SyntaxError: unterminated f-string literal (detected at line 165)
  File "/root/steam_engine/main.py", line 165
    desc = f"**{t.away_team} @ {t.home_team}**
           ^
SyntaxError: unterminated f-string literal (detected at line 165)
  File "/root/steam_engine/main.py", line 165
    desc = f"**{t.away_team} @ {t.home_team}**
           ^
SyntaxError: unterminated f-string literal (detected at line 165)
  File "/root/steam_engine/main.py", line 165
    desc = f"**{t.away_team} @ {t.home_team}**
           ^
SyntaxError: unterminated f-string literal (detected at line 165)
  File "/root/steam_engine/main.py", line 165
    desc = f"**{t.away_team} @ {t.home_team}**
           ^
SyntaxError: unterminated f-string literal (detected at line 165)
  File "/root/steam_engine/main.py", line 165
    desc = f"**{t.away_team} @ {t.home_team}**
           ^
SyntaxError: unterminated f-string literal (detected at line 165)
  File "/root/steam_engine/main.py", line 165
    desc = f"**{t.away_team} @ {t.home_team}**
           ^
SyntaxError: unterminated f-string literal (detected at line 165)
  File "/root/steam_engine/main.py", line 165
    desc = f"**{t.away_team} @ {t.home_team}**
           ^
SyntaxError: unterminated f-string literal (detected at line 165)
  File "/root/steam_engine/main.py", line 165
    desc = f"**{t.away_team} @ {t.home_team}**
           ^
SyntaxError: unterminated f-string literal (detected at line 165)
  File "/root/steam_engine/main.py", line 165
    desc = f"**{t.away_team} @ {t.home_team}**
           ^
SyntaxError: unterminated f-string literal (detected at line 165)
  File "/root/steam_engine/main.py", line 165
    desc = f"**{t.away_team} @ {t.home_team}**
           ^
SyntaxError: unterminated f-string literal (detected at line 165)
  File "/root/steam_engine/main.py", line 165
    desc = f"**{t.away_team} @ {t.home_team}**
           ^
SyntaxError: unterminated f-string literal (detected at line 165)
  File "/root/steam_engine/main.py", line 165
    desc = f"**{t.away_team} @ {t.home_team}**
           ^
SyntaxError: unterminated f-string literal (detected at line 165)
  File "/root/steam_engine/main.py", line 165
    desc = f"**{t.away_team} @ {t.home_team}**
           ^
SyntaxError: unterminated f-string literal (detected at line 165)
  File "/root/steam_engine/main.py", line 165
    desc = f"**{t.away_team} @ {t.home_team}**
           ^
SyntaxError: unterminated f-string literal (detected at line 165)
  File "/root/steam_engine/main.py", line 165
    desc = f"**{t.away_team} @ {t.home_team}**
           ^
SyntaxError: unterminated f-string literal (detected at line 165)
  File "/root/steam_engine/main.py", line 165
    desc = f"**{t.away_team} @ {t.home_team}**
           ^
SyntaxError: unterminated f-string literal (detected at line 165)
  File "/root/steam_engine/main.py", line 165
    desc = f"**{t.away_team} @ {t.home_team}**
           ^
SyntaxError: unterminated f-string literal (detected at line 165)
  File "/root/steam_engine/main.py", line 165
    desc = f"**{t.away_team} @ {t.home_team}**
           ^
SyntaxError: unterminated f-string literal (detected at line 165)
  File "/root/steam_engine/main.py", line 165
    desc = f"**{t.away_team} @ {t.home_team}**
           ^
SyntaxError: unterminated f-string literal (detected at line 165)
  File "/root/steam_engine/main.py", line 165
    desc = f"**{t.away_team} @ {t.home_team}**
           ^
SyntaxError: unterminated f-string literal (detected at line 165)
  File "/root/steam_engine/main.py", line 165
    desc = f"**{t.away_team} @ {t.home_team}**
           ^
SyntaxError: unterminated f-string literal (detected at line 165)
  File "/root/steam_engine/main.py", line 165
    desc = f"**{t.away_team} @ {t.home_team}**
           ^
SyntaxError: unterminated f-string literal (detected at line 165)
  File "/root/steam_engine/main.py", line 165
    desc = f"**{t.away_team} @ {t.home_team}**
           ^
SyntaxError: unterminated f-string literal (detected at line 165)
  File "/root/steam_engine/main.py", line 165
    desc = f"**{t.away_team} @ {t.home_team}**
           ^
SyntaxError: unterminated f-string literal (detected at line 165)
  File "/root/steam_engine/main.py", line 165
    desc = f"**{t.away_team} @ {t.home_team}**
           ^
SyntaxError: unterminated f-string literal (detected at line 165)
  File "/root/steam_engine/main.py", line 165
    desc = f"**{t.away_team} @ {t.home_team}**
           ^
SyntaxError: unterminated f-string literal (detected at line 165)
  File "/root/steam_engine/main.py", line 165
    desc = f"**{t.away_team} @ {t.home_team}**
           ^
SyntaxError: unterminated f-string literal (detected at line 165)
  File "/root/steam_engine/main.py", line 165
    desc = f"**{t.away_team} @ {t.home_team}**
           ^
SyntaxError: unterminated f-string literal (detected at line 165)
  File "/root/steam_engine/main.py", line 165
    desc = f"**{t.away_team} @ {t.home_team}**
           ^
SyntaxError: unterminated f-string literal (detected at line 165)
  File "/root/steam_engine/main.py", line 165
    desc = f"**{t.away_team} @ {t.home_team}**
           ^
SyntaxError: unterminated f-string literal (detected at line 165)
  File "/root/steam_engine/main.py", line 165
    desc = f"**{t.away_team} @ {t.home_team}**
           ^
SyntaxError: unterminated f-string literal (detected at line 165)
  File "/root/steam_engine/main.py", line 165
    desc = f"**{t.away_team} @ {t.home_team}**
           ^
SyntaxError: unterminated f-string literal (detected at line 165)
  File "/root/steam_engine/main.py", line 165
    desc = f"**{t.away_team} @ {t.home_team}**
           ^
SyntaxError: unterminated f-string literal (detected at line 165)
  File "/root/steam_engine/main.py", line 165
    desc = f"**{t.away_team} @ {t.home_team}**
           ^
SyntaxError: unterminated f-string literal (detected at line 165)
  File "/root/steam_engine/main.py", line 165
    desc = f"**{t.away_team} @ {t.home_team}**
           ^
SyntaxError: unterminated f-string literal (detected at line 165)
  File "/root/steam_engine/main.py", line 165
    desc = f"**{t.away_team} @ {t.home_team}**
           ^
SyntaxError: unterminated f-string literal (detected at line 165)
  File "/root/steam_engine/main.py", line 165
    desc = f"**{t.away_team} @ {t.home_team}**
           ^
SyntaxError: unterminated f-string literal (detected at line 165)
  File "/root/steam_engine/main.py", line 165
    desc = f"**{t.away_team} @ {t.home_team}**
           ^
SyntaxError: unterminated f-string literal (detected at line 165)
  File "/root/steam_engine/main.py", line 165
    desc = f"**{t.away_team} @ {t.home_team}**
           ^
SyntaxError: unterminated f-string literal (detected at line 165)
  File "/root/steam_engine/main.py", line 165
    desc = f"**{t.away_team} @ {t.home_team}**
           ^
SyntaxError: unterminated f-string literal (detected at line 165)
  File "/root/steam_engine/main.py", line 165
    desc = f"**{t.away_team} @ {t.home_team}**
           ^
SyntaxError: unterminated f-string literal (detected at line 165)
  File "/root/steam_engine/main.py", line 165
    desc = f"**{t.away_team} @ {t.home_team}**
           ^
SyntaxError: unterminated f-string literal (detected at line 165)
  File "/root/steam_engine/main.py", line 165
    desc = f"**{t.away_team} @ {t.home_team}**
           ^
SyntaxError: unterminated f-string literal (detected at line 165)
  File "/root/steam_engine/main.py", line 165
    desc = f"**{t.away_team} @ {t.home_team}**
           ^
SyntaxError: unterminated f-string literal (detected at line 165)
  File "/root/steam_engine/main.py", line 165
    desc = f"**{t.away_team} @ {t.home_team}**
           ^
SyntaxError: unterminated f-string literal (detected at line 165)
  File "/root/steam_engine/main.py", line 165
    desc = f"**{t.away_team} @ {t.home_team}**
           ^
SyntaxError: unterminated f-string literal (detected at line 165)
  File "/root/steam_engine/main.py", line 165
    desc = f"**{t.away_team} @ {t.home_team}**
           ^
SyntaxError: unterminated f-string literal (detected at line 165)
  File "/root/steam_engine/main.py", line 165
    desc = f"**{t.away_team} @ {t.home_team}**
           ^
SyntaxError: unterminated f-string literal (detected at line 165)
  File "/root/steam_engine/main.py", line 165
    desc = (
IndentationError: unexpected indent
  File "/root/steam_engine/main.py", line 165
    desc = (
IndentationError: unexpected indent
  File "/root/steam_engine/main.py", line 165
    desc = (
IndentationError: unexpected indent
Closed bets recorded: 0
Closed bets recorded: 0
Closed bets recorded: 0
Closed bets recorded: 0
Closed bets recorded: 0
Closed bets recorded: 0
Closed bets recorded: 0
Closed bets recorded: 0
Closed bets recorded: 0
Closed bets recorded: 0
Closed bets recorded: 0
Closed bets recorded: 0
Closed bets recorded: 0
  File "/root/steam_engine/main.py", line 218
    f"**{t.away_team} @ {t.home_team}**
    ^
SyntaxError: unterminated f-string literal (detected at line 218)
  File "/root/steam_engine/main.py", line 220
    f"**{t.away_team} @ {t.home_team}**
    ^
SyntaxError: unterminated f-string literal (detected at line 220)
Closed bets recorded: 0
Closed bets recorded: 0
Closed bets recorded: 0
Closed bets recorded: 0
Closed bets recorded: 0
Closed bets recorded: 0
  File "/root/steam_engine/main.py", line 163
    Start: {_to_et_str(t.commence_time_utc)}"}\n"
IndentationError: unexpected indent
  File "/root/steam_engine/main.py", line 164
    f"Score: {float(getattr(t, 'score', 0)):.2f}"
IndentationError: unexpected indent
  File "/root/steam_engine/main.py", line 164
    f"Score: {float(getattr(t, 'score', 0)):.2f}"
IndentationError: unexpected indent
  File "/root/steam_engine/main.py", line 164
    f"Score: {float(getattr(t, 'score', 0)):.2f}"
IndentationError: unexpected indent
  File "/root/steam_engine/main.py", line 164
    f"Score: {float(getattr(t, 'score', 0)):.2f}"
IndentationError: unexpected indent
  File "/root/steam_engine/main.py", line 164
    f"Score: {float(getattr(t, 'score', 0)):.2f}"
IndentationError: unexpected indent
  File "/root/steam_engine/main.py", line 164
    f"Score: {float(getattr(t, 'score', 0)):.2f}"
IndentationError: unexpected indent
  File "/root/steam_engine/main.py", line 164
    f"Score: {float(getattr(t, 'score', 0)):.2f}"
IndentationError: unexpected indent
  File "/root/steam_engine/main.py", line 164
    f"Score: {float(getattr(t, 'score', 0)):.2f}"
IndentationError: unexpected indent
  File "/root/steam_engine/main.py", line 164
    f"Score: {float(getattr(t, 'score', 0)):.2f}"
IndentationError: unexpected indent
  File "/root/steam_engine/main.py", line 164
    f"Score: {float(getattr(t, 'score', 0)):.2f}"
IndentationError: unexpected indent
  File "/root/steam_engine/main.py", line 164
    f"Score: {float(getattr(t, 'score', 0)):.2f}"
IndentationError: unexpected indent
  File "/root/steam_engine/main.py", line 164
    f"Score: {float(getattr(t, 'score', 0)):.2f}"
IndentationError: unexpected indent
  File "/root/steam_engine/main.py", line 164
    f"Score: {float(getattr(t, 'score', 0)):.2f}"
IndentationError: unexpected indent
  File "/root/steam_engine/main.py", line 164
    f"Score: {float(getattr(t, 'score', 0)):.2f}"
IndentationError: unexpected indent
  File "/root/steam_engine/main.py", line 164
    f"Score: {float(getattr(t, 'score', 0)):.2f}"
IndentationError: unexpected indent
  File "/root/steam_engine/main.py", line 164
    f"Score: {float(getattr(t, 'score', 0)):.2f}"
IndentationError: unexpected indent
  File "/root/steam_engine/main.py", line 164
    f"Score: {float(getattr(t, 'score', 0)):.2f}"
IndentationError: unexpected indent
  File "/root/steam_engine/main.py", line 164
    f"Score: {float(getattr(t, 'score', 0)):.2f}"
IndentationError: unexpected indent
  File "/root/steam_engine/main.py", line 164
    f"Score: {float(getattr(t, 'score', 0)):.2f}"
IndentationError: unexpected indent
  File "/root/steam_engine/main.py", line 164
    f"Score: {float(getattr(t, 'score', 0)):.2f}"
IndentationError: unexpected indent
  File "/root/steam_engine/main.py", line 164
    f"Score: {float(getattr(t, 'score', 0)):.2f}"
IndentationError: unexpected indent
  File "/root/steam_engine/main.py", line 164
    f"Score: {float(getattr(t, 'score', 0)):.2f}"
IndentationError: unexpected indent
  File "/root/steam_engine/main.py", line 164
    f"Score: {float(getattr(t, 'score', 0)):.2f}"
IndentationError: unexpected indent
  File "/root/steam_engine/main.py", line 164
    f"Score: {float(getattr(t, 'score', 0)):.2f}"
IndentationError: unexpected indent
  File "/root/steam_engine/main.py", line 164
    f"Score: {float(getattr(t, 'score', 0)):.2f}"
IndentationError: unexpected indent
  File "/root/steam_engine/main.py", line 164
    f"Score: {float(getattr(t, 'score', 0)):.2f}"
IndentationError: unexpected indent
  File "/root/steam_engine/main.py", line 164
    f"Score: {float(getattr(t, 'score', 0)):.2f}"
IndentationError: unexpected indent
  File "/root/steam_engine/main.py", line 164
    f"Score: {float(getattr(t, 'score', 0)):.2f}"
IndentationError: unexpected indent
  File "/root/steam_engine/main.py", line 164
    f"Score: {float(getattr(t, 'score', 0)):.2f}"
IndentationError: unexpected indent
  File "/root/steam_engine/main.py", line 164
    f"Score: {float(getattr(t, 'score', 0)):.2f}"
IndentationError: unexpected indent
  File "/root/steam_engine/main.py", line 164
    f"Score: {float(getattr(t, 'score', 0)):.2f}"
IndentationError: unexpected indent
  File "/root/steam_engine/main.py", line 164
    f"Score: {float(getattr(t, 'score', 0)):.2f}"
IndentationError: unexpected indent
Closed bets recorded: 0
Closed bets recorded: 0
Closed bets recorded: 0
  File "/root/steam_engine/main.py", line 262
    print(f"
          ^
SyntaxError: unterminated f-string literal (detected at line 262)
Closed bets recorded: 0
Closed bets recorded: 0
Closed bets recorded: 0
  File "/root/steam_engine/main.py", line 88
    print(df.head(20).to_string(index=False))
IndentationError: unexpected indent
  File "/root/steam_engine/main.py", line 88
    print(df.head(20).to_string(index=False))
IndentationError: unexpected indent
Closed bets recorded: 0
Closed bets recorded: 0
Closed bets recorded: 0
Closed bets recorded: 0
Traceback (most recent call last):
  File "/root/steam_engine/main.py", line 15, in <module>
    from detect import detect_triggers, trigger_key_hash
  File "/root/steam_engine/detect.py", line 83
    df = df[df["commence_time_utc"] > pd.Timestamp.utcnow()].copy()
IndentationError: unexpected indent
Closed bets recorded: 0
Closed bets recorded: 0
Closed bets recorded: 0
Closed bets recorded: 0
Closed bets recorded: 0
Closed bets recorded: 0
Closed bets recorded: 0
Closed bets recorded: 0
Closed bets recorded: 0
