Inserted 936 rows (duplicates ignored). Events returned: 53
No triggers.
Inserted 1038 rows (duplicates ignored). Events returned: 53
No triggers.
Inserted 1046 rows (duplicates ignored). Events returned: 53
No triggers.
Traceback (most recent call last):
  File "/root/steam_engine/main.py", line 315, in <module>
    main()
  File "/root/steam_engine/main.py", line 306, in main
    cmd_run(args, cfg)
  File "/root/steam_engine/main.py", line 66, in cmd_run
    cmd_pull(args, cfg)
  File "/root/steam_engine/main.py", line 42, in cmd_pull
    n = insert_many(con, rows)
        ^^^^^^^^^^^^^^^^^^^^^^
  File "/root/steam_engine/db.py", line 50, in insert_many
    cur.executemany(
sqlite3.ProgrammingError: Binding 1 has no name, but you supplied a dictionary (which has only names).
Traceback (most recent call last):
  File "/root/steam_engine/main.py", line 333, in <module>
    main()
  File "/root/steam_engine/main.py", line 324, in main
    cmd_run(args, cfg)
  File "/root/steam_engine/main.py", line 66, in cmd_run
    cmd_pull(args, cfg)
  File "/root/steam_engine/main.py", line 42, in cmd_pull
    n = insert_many(con, rows)
        ^^^^^^^^^^^^^^^^^^^^^^
  File "/root/steam_engine/db.py", line 50, in insert_many
    cur.executemany(
sqlite3.ProgrammingError: Binding 1 has no name, but you supplied a dictionary (which has only names).
Traceback (most recent call last):
  File "/root/steam_engine/main.py", line 8, in <module>
    from db import connect, init_db, insert_many, was_alert_sent, mark_alert_sent
ImportError: cannot import name 'was_alert_sent' from 'db' (/root/steam_engine/db.py). Did you mean: 'mark_alert_sent'?
Inserted 1070 rows (duplicates ignored). Events returned: 53
Alerts generated: 0
Inserted 1058 rows (duplicates ignored). Events returned: 53
Alerts generated: 0
Inserted 1010 rows (duplicates ignored). Events returned: 51
ALERT:
 [basketball_ncaab] Nicholls St Colonels @ Houston Christian Huskies | spreads HOME
Origin: pinnacle move -2.00
Best now: betmgm line -1.5
Start: 2026-02-17 01:00:00+00:00
US:draftkings:-1.5 | fanduel:-1.5 | betmgm:-1.5 | hardrockbet:-1.5 • conf=0 • plateau=10m • lookback=24.0h
Discord sent ✅
Alerts generated: 1
Traceback (most recent call last):
  File "/root/steam_engine/main.py", line 12, in <module>
    from notify import send_discord_embed
ImportError: cannot import name 'send_discord_embed' from 'notify' (/root/steam_engine/notify.py)
Inserted 1018 rows (duplicates ignored). Events returned: 51
Traceback (most recent call last):
  File "/root/steam_engine/main.py", line 335, in <module>
    main()
  File "/root/steam_engine/main.py", line 326, in main
    cmd_run(args, cfg)
  File "/root/steam_engine/main.py", line 96, in cmd_run
    sent = send_discord_embed('Steam Alert', str(msg))
                                                 ^^^
NameError: name 'msg' is not defined
Inserted 1008 rows (duplicates ignored). Events returned: 50
ALERT SENT ✅  Wisconsin Badgers @ Ohio State Buckeyes | spreads HOME | draftkings 1.5
ALERT SENT ✅  Ball State Cardinals @ Ohio Bobcats | spreads AWAY | betmgm 9.5
ALERT SENT ✅  Akron Zips @ Western Michigan Broncos | spreads AWAY | betmgm -13.5
ALERT SENT ✅  Northern Illinois Huskies @ Buffalo Bulls | totals OVER | hardrockbet 146.5
ALERT SENT ✅  Boston College Eagles @ Florida St Seminoles | totals OVER | hardrockbet 146.5
ALERT SENT ✅  Georgia Bulldogs @ Kentucky Wildcats | totals OVER | fanduel 162.5
ALERT SENT ✅  Houston Cougars @ Iowa State Cyclones | totals UNDER | betmgm 136.5
ALERT SENT ✅  Ball State Cardinals @ Ohio Bobcats | totals UNDER | betmgm 143.5
Triggers found: 26 | New alerts: 8 | Already sent: 18 | Discord failed: 0
Inserted 974 rows (duplicates ignored). Events returned: 50
Triggers found: 26 | New alerts: 0 | Already sent: 26 | Discord failed: 0
Inserted 950 rows (duplicates ignored). Events returned: 50
Triggers found: 26 | New alerts: 0 | Already sent: 26 | Discord failed: 0
Inserted 940 rows (duplicates ignored). Events returned: 50
Triggers found: 26 | New alerts: 0 | Already sent: 26 | Discord failed: 0
Inserted 894 rows (duplicates ignored). Events returned: 50
Triggers found: 24 | New alerts: 0 | Already sent: 24 | Discord failed: 0
Inserted 822 rows (duplicates ignored). Events returned: 45
Triggers found: 24 | New alerts: 0 | Already sent: 24 | Discord failed: 0
  File "/root/steam_engine/main.py", line 165
    desc = f"**{t.away_team} @ {t.home_team}**
           ^
SyntaxError: unterminated f-string literal (detected at line 165)
  File "/root/steam_engine/main.py", line 165
    desc = f"**{t.away_team} @ {t.home_team}**
           ^
SyntaxError: unterminated f-string literal (detected at line 165)
  File "/root/steam_engine/main.py", line 165
    desc = f"**{t.away_team} @ {t.home_team}**
           ^
SyntaxError: unterminated f-string literal (detected at line 165)
  File "/root/steam_engine/main.py", line 165
    desc = f"**{t.away_team} @ {t.home_team}**
           ^
SyntaxError: unterminated f-string literal (detected at line 165)
  File "/root/steam_engine/main.py", line 165
    desc = f"**{t.away_team} @ {t.home_team}**
           ^
SyntaxError: unterminated f-string literal (detected at line 165)
  File "/root/steam_engine/main.py", line 165
    desc = f"**{t.away_team} @ {t.home_team}**
           ^
SyntaxError: unterminated f-string literal (detected at line 165)
  File "/root/steam_engine/main.py", line 165
    desc = f"**{t.away_team} @ {t.home_team}**
           ^
SyntaxError: unterminated f-string literal (detected at line 165)
  File "/root/steam_engine/main.py", line 165
    desc = f"**{t.away_team} @ {t.home_team}**
           ^
SyntaxError: unterminated f-string literal (detected at line 165)
  File "/root/steam_engine/main.py", line 165
    desc = f"**{t.away_team} @ {t.home_team}**
           ^
SyntaxError: unterminated f-string literal (detected at line 165)
  File "/root/steam_engine/main.py", line 165
    desc = f"**{t.away_team} @ {t.home_team}**
           ^
SyntaxError: unterminated f-string literal (detected at line 165)
  File "/root/steam_engine/main.py", line 165
    desc = f"**{t.away_team} @ {t.home_team}**
           ^
SyntaxError: unterminated f-string literal (detected at line 165)
  File "/root/steam_engine/main.py", line 165
    desc = f"**{t.away_team} @ {t.home_team}**
           ^
SyntaxError: unterminated f-string literal (detected at line 165)
  File "/root/steam_engine/main.py", line 165
    desc = f"**{t.away_team} @ {t.home_team}**
           ^
SyntaxError: unterminated f-string literal (detected at line 165)
  File "/root/steam_engine/main.py", line 165
    desc = f"**{t.away_team} @ {t.home_team}**
           ^
SyntaxError: unterminated f-string literal (detected at line 165)
  File "/root/steam_engine/main.py", line 165
    desc = f"**{t.away_team} @ {t.home_team}**
           ^
SyntaxError: unterminated f-string literal (detected at line 165)
  File "/root/steam_engine/main.py", line 165
    desc = f"**{t.away_team} @ {t.home_team}**
           ^
SyntaxError: unterminated f-string literal (detected at line 165)
  File "/root/steam_engine/main.py", line 165
    desc = f"**{t.away_team} @ {t.home_team}**
           ^
SyntaxError: unterminated f-string literal (detected at line 165)
  File "/root/steam_engine/main.py", line 165
    desc = f"**{t.away_team} @ {t.home_team}**
           ^
SyntaxError: unterminated f-string literal (detected at line 165)
  File "/root/steam_engine/main.py", line 165
    desc = f"**{t.away_team} @ {t.home_team}**
           ^
SyntaxError: unterminated f-string literal (detected at line 165)
  File "/root/steam_engine/main.py", line 165
    desc = f"**{t.away_team} @ {t.home_team}**
           ^
SyntaxError: unterminated f-string literal (detected at line 165)
  File "/root/steam_engine/main.py", line 165
    desc = f"**{t.away_team} @ {t.home_team}**
           ^
SyntaxError: unterminated f-string literal (detected at line 165)
  File "/root/steam_engine/main.py", line 165
    desc = f"**{t.away_team} @ {t.home_team}**
           ^
SyntaxError: unterminated f-string literal (detected at line 165)
  File "/root/steam_engine/main.py", line 165
    desc = f"**{t.away_team} @ {t.home_team}**
           ^
SyntaxError: unterminated f-string literal (detected at line 165)
  File "/root/steam_engine/main.py", line 165
    desc = f"**{t.away_team} @ {t.home_team}**
           ^
SyntaxError: unterminated f-string literal (detected at line 165)
  File "/root/steam_engine/main.py", line 165
    desc = f"**{t.away_team} @ {t.home_team}**
           ^
SyntaxError: unterminated f-string literal (detected at line 165)
  File "/root/steam_engine/main.py", line 165
    desc = f"**{t.away_team} @ {t.home_team}**
           ^
SyntaxError: unterminated f-string literal (detected at line 165)
  File "/root/steam_engine/main.py", line 165
    desc = f"**{t.away_team} @ {t.home_team}**
           ^
SyntaxError: unterminated f-string literal (detected at line 165)
  File "/root/steam_engine/main.py", line 165
    desc = f"**{t.away_team} @ {t.home_team}**
           ^
SyntaxError: unterminated f-string literal (detected at line 165)
  File "/root/steam_engine/main.py", line 165
    desc = f"**{t.away_team} @ {t.home_team}**
           ^
SyntaxError: unterminated f-string literal (detected at line 165)
  File "/root/steam_engine/main.py", line 165
    desc = f"**{t.away_team} @ {t.home_team}**
           ^
SyntaxError: unterminated f-string literal (detected at line 165)
  File "/root/steam_engine/main.py", line 165
    desc = f"**{t.away_team} @ {t.home_team}**
           ^
SyntaxError: unterminated f-string literal (detected at line 165)
  File "/root/steam_engine/main.py", line 165
    desc = f"**{t.away_team} @ {t.home_team}**
           ^
SyntaxError: unterminated f-string literal (detected at line 165)
  File "/root/steam_engine/main.py", line 165
    desc = f"**{t.away_team} @ {t.home_team}**
           ^
SyntaxError: unterminated f-string literal (detected at line 165)
  File "/root/steam_engine/main.py", line 165
    desc = f"**{t.away_team} @ {t.home_team}**
           ^
SyntaxError: unterminated f-string literal (detected at line 165)
  File "/root/steam_engine/main.py", line 165
    desc = f"**{t.away_team} @ {t.home_team}**
           ^
SyntaxError: unterminated f-string literal (detected at line 165)
  File "/root/steam_engine/main.py", line 165
    desc = f"**{t.away_team} @ {t.home_team}**
           ^
SyntaxError: unterminated f-string literal (detected at line 165)
  File "/root/steam_engine/main.py", line 165
    desc = f"**{t.away_team} @ {t.home_team}**
           ^
SyntaxError: unterminated f-string literal (detected at line 165)
  File "/root/steam_engine/main.py", line 165
    desc = f"**{t.away_team} @ {t.home_team}**
           ^
SyntaxError: unterminated f-string literal (detected at line 165)
  File "/root/steam_engine/main.py", line 165
    desc = f"**{t.away_team} @ {t.home_team}**
           ^
SyntaxError: unterminated f-string literal (detected at line 165)
  File "/root/steam_engine/main.py", line 165
    desc = f"**{t.away_team} @ {t.home_team}**
           ^
SyntaxError: unterminated f-string literal (detected at line 165)
  File "/root/steam_engine/main.py", line 165
    desc = f"**{t.away_team} @ {t.home_team}**
           ^
SyntaxError: unterminated f-string literal (detected at line 165)
  File "/root/steam_engine/main.py", line 165
    desc = f"**{t.away_team} @ {t.home_team}**
           ^
SyntaxError: unterminated f-string literal (detected at line 165)
  File "/root/steam_engine/main.py", line 165
    desc = f"**{t.away_team} @ {t.home_team}**
           ^
SyntaxError: unterminated f-string literal (detected at line 165)
  File "/root/steam_engine/main.py", line 165
    desc = f"**{t.away_team} @ {t.home_team}**
           ^
SyntaxError: unterminated f-string literal (detected at line 165)
  File "/root/steam_engine/main.py", line 165
    desc = f"**{t.away_team} @ {t.home_team}**
           ^
SyntaxError: unterminated f-string literal (detected at line 165)
  File "/root/steam_engine/main.py", line 165
    desc = f"**{t.away_team} @ {t.home_team}**
           ^
SyntaxError: unterminated f-string literal (detected at line 165)
  File "/root/steam_engine/main.py", line 165
    desc = f"**{t.away_team} @ {t.home_team}**
           ^
SyntaxError: unterminated f-string literal (detected at line 165)
  File "/root/steam_engine/main.py", line 165
    desc = f"**{t.away_team} @ {t.home_team}**
           ^
SyntaxError: unterminated f-string literal (detected at line 165)
  File "/root/steam_engine/main.py", line 165
    desc = f"**{t.away_team} @ {t.home_team}**
           ^
SyntaxError: unterminated f-string literal (detected at line 165)
  File "/root/steam_engine/main.py", line 165
    desc = f"**{t.away_team} @ {t.home_team}**
           ^
SyntaxError: unterminated f-string literal (detected at line 165)
  File "/root/steam_engine/main.py", line 165
    desc = f"**{t.away_team} @ {t.home_team}**
           ^
SyntaxError: unterminated f-string literal (detected at line 165)
  File "/root/steam_engine/main.py", line 165
    desc = f"**{t.away_team} @ {t.home_team}**
           ^
SyntaxError: unterminated f-string literal (detected at line 165)
  File "/root/steam_engine/main.py", line 165
    desc = f"**{t.away_team} @ {t.home_team}**
           ^
SyntaxError: unterminated f-string literal (detected at line 165)
  File "/root/steam_engine/main.py", line 165
    desc = f"**{t.away_team} @ {t.home_team}**
           ^
SyntaxError: unterminated f-string literal (detected at line 165)
  File "/root/steam_engine/main.py", line 165
    desc = (
IndentationError: unexpected indent
  File "/root/steam_engine/main.py", line 165
    desc = (
IndentationError: unexpected indent
  File "/root/steam_engine/main.py", line 165
    desc = (
IndentationError: unexpected indent
Inserted 710 rows (duplicates ignored). Events returned: 30
Triggers found: 3 | New alerts: 0 | Already sent: 3 | Discord failed: 0
Inserted 710 rows (duplicates ignored). Events returned: 30
Triggers found: 3 | New alerts: 0 | Already sent: 3 | Discord failed: 0
Inserted 710 rows (duplicates ignored). Events returned: 30
Triggers found: 3 | New alerts: 0 | Already sent: 3 | Discord failed: 0
Inserted 710 rows (duplicates ignored). Events returned: 30
Triggers found: 3 | New alerts: 0 | Already sent: 3 | Discord failed: 0
Inserted 714 rows (duplicates ignored). Events returned: 31
Triggers found: 3 | New alerts: 0 | Already sent: 3 | Discord failed: 0
Inserted 714 rows (duplicates ignored). Events returned: 31
Triggers found: 3 | New alerts: 0 | Already sent: 3 | Discord failed: 0
Inserted 714 rows (duplicates ignored). Events returned: 31
Triggers found: 3 | New alerts: 0 | Already sent: 3 | Discord failed: 0
Inserted 714 rows (duplicates ignored). Events returned: 31
Triggers found: 3 | New alerts: 0 | Already sent: 3 | Discord failed: 0
Inserted 714 rows (duplicates ignored). Events returned: 31
Triggers found: 3 | New alerts: 0 | Already sent: 3 | Discord failed: 0
Inserted 714 rows (duplicates ignored). Events returned: 31
Triggers found: 3 | New alerts: 0 | Already sent: 3 | Discord failed: 0
----- Tue Feb 17 14:15:01 EST 2026 -----
Inserted 726 rows (duplicates ignored). Events returned: 34
Triggers found: 3 | New alerts: 0 | Already sent: 3 | Discord failed: 0
Inserted 726 rows (duplicates ignored). Events returned: 34
Triggers found: 3 | New alerts: 0 | Already sent: 3 | Discord failed: 0
----- Tue Feb 17 14:30:01 EST 2026 -----
Inserted 750 rows (duplicates ignored). Events returned: 39
ALERT SENT ✅  Northern Illinois Huskies @ Buffalo Bulls | totals OVER | hardrockbet 146.5
Triggers found: 4 | New alerts: 1 | Already sent: 3 | Discord failed: 0
Inserted 750 rows (duplicates ignored). Events returned: 39
ALERT SENT ✅  Northern Illinois Huskies @ Buffalo Bulls | totals OVER | hardrockbet 146.5
Triggers found: 4 | New alerts: 1 | Already sent: 3 | Discord failed: 0
----- Tue Feb 17 14:45:01 EST 2026 -----
Inserted 854 rows (duplicates ignored). Events returned: 56
Triggers found: 4 | New alerts: 0 | Already sent: 4 | Discord failed: 0
Inserted 854 rows (duplicates ignored). Events returned: 56
Triggers found: 4 | New alerts: 0 | Already sent: 4 | Discord failed: 0
----- Tue Feb 17 15:00:01 EST 2026 -----
  File "/root/steam_engine/main.py", line 218
    f"**{t.away_team} @ {t.home_team}**
    ^
SyntaxError: unterminated f-string literal (detected at line 218)
  File "/root/steam_engine/main.py", line 218
    f"**{t.away_team} @ {t.home_team}**
    ^
SyntaxError: unterminated f-string literal (detected at line 218)
----- Tue Feb 17 15:15:02 EST 2026 -----
  File "/root/steam_engine/main.py", line 220
    f"**{t.away_team} @ {t.home_team}**
    ^
SyntaxError: unterminated f-string literal (detected at line 220)
  File "/root/steam_engine/main.py", line 220
    f"**{t.away_team} @ {t.home_team}**
    ^
SyntaxError: unterminated f-string literal (detected at line 220)
----- Tue Feb 17 15:30:01 EST 2026 -----
Inserted 1050 rows (duplicates ignored). Events returned: 80
Alerts sent: 0 | Skipped: 4 | Failed: 0
Inserted 1050 rows (duplicates ignored). Events returned: 80
Alerts sent: 0 | Skipped: 4 | Failed: 0
----- Tue Feb 17 15:45:01 EST 2026 -----
Inserted 1050 rows (duplicates ignored). Events returned: 80
Alerts sent: 0 | Skipped: 4 | Failed: 0
Inserted 1050 rows (duplicates ignored). Events returned: 80
Alerts sent: 0 | Skipped: 4 | Failed: 0
----- Tue Feb 17 16:00:01 EST 2026 -----
Inserted 1070 rows (duplicates ignored). Events returned: 81
Alerts sent: 0 | Skipped: 4 | Failed: 0
Inserted 1070 rows (duplicates ignored). Events returned: 81
Alerts sent: 0 | Skipped: 4 | Failed: 0
----- Tue Feb 17 16:15:01 EST 2026 -----
Inserted 1082 rows (duplicates ignored). Events returned: 81
Alerts sent: 0 | Skipped: 3 | Failed: 0
Inserted 1082 rows (duplicates ignored). Events returned: 81
Alerts sent: 0 | Skipped: 3 | Failed: 0
----- Tue Feb 17 16:30:01 EST 2026 -----
Inserted 1082 rows (duplicates ignored). Events returned: 81
Alerts sent: 0 | Skipped: 3 | Failed: 0
Inserted 1082 rows (duplicates ignored). Events returned: 81
Alerts sent: 0 | Skipped: 3 | Failed: 0
----- Tue Feb 17 16:45:01 EST 2026 -----
Inserted 1086 rows (duplicates ignored). Events returned: 81
Alerts sent: 0 | Skipped: 3 | Failed: 0
Inserted 1086 rows (duplicates ignored). Events returned: 81
Alerts sent: 0 | Skipped: 3 | Failed: 0
----- Tue Feb 17 17:00:01 EST 2026 -----
  File "/root/steam_engine/main.py", line 163
    Start: {_to_et_str(t.commence_time_utc)}"}\n"
IndentationError: unexpected indent
  File "/root/steam_engine/main.py", line 163
    Start: {_to_et_str(t.commence_time_utc)}"}\n"
IndentationError: unexpected indent
----- Tue Feb 17 17:15:01 EST 2026 -----
  File "/root/steam_engine/main.py", line 164
    f"Score: {float(getattr(t, 'score', 0)):.2f}"
IndentationError: unexpected indent
  File "/root/steam_engine/main.py", line 164
    f"Score: {float(getattr(t, 'score', 0)):.2f}"
IndentationError: unexpected indent
----- Tue Feb 17 17:30:01 EST 2026 -----
  File "/root/steam_engine/main.py", line 164
    f"Score: {float(getattr(t, 'score', 0)):.2f}"
IndentationError: unexpected indent
  File "/root/steam_engine/main.py", line 164
    f"Score: {float(getattr(t, 'score', 0)):.2f}"
IndentationError: unexpected indent
----- Tue Feb 17 17:45:01 EST 2026 -----
  File "/root/steam_engine/main.py", line 164
    f"Score: {float(getattr(t, 'score', 0)):.2f}"
IndentationError: unexpected indent
  File "/root/steam_engine/main.py", line 164
    f"Score: {float(getattr(t, 'score', 0)):.2f}"
IndentationError: unexpected indent
----- Wed Feb 18 05:00:01 EST 2026 -----
  File "/root/steam_engine/main.py", line 164
    f"Score: {float(getattr(t, 'score', 0)):.2f}"
IndentationError: unexpected indent
  File "/root/steam_engine/main.py", line 164
    f"Score: {float(getattr(t, 'score', 0)):.2f}"
IndentationError: unexpected indent
----- Wed Feb 18 05:15:01 EST 2026 -----
  File "/root/steam_engine/main.py", line 164
    f"Score: {float(getattr(t, 'score', 0)):.2f}"
IndentationError: unexpected indent
  File "/root/steam_engine/main.py", line 164
    f"Score: {float(getattr(t, 'score', 0)):.2f}"
IndentationError: unexpected indent
----- Wed Feb 18 05:30:01 EST 2026 -----
  File "/root/steam_engine/main.py", line 164
    f"Score: {float(getattr(t, 'score', 0)):.2f}"
IndentationError: unexpected indent
  File "/root/steam_engine/main.py", line 164
    f"Score: {float(getattr(t, 'score', 0)):.2f}"
IndentationError: unexpected indent
----- Wed Feb 18 05:45:01 EST 2026 -----
  File "/root/steam_engine/main.py", line 164
    f"Score: {float(getattr(t, 'score', 0)):.2f}"
IndentationError: unexpected indent
  File "/root/steam_engine/main.py", line 164
    f"Score: {float(getattr(t, 'score', 0)):.2f}"
IndentationError: unexpected indent
----- Wed Feb 18 06:00:01 EST 2026 -----
  File "/root/steam_engine/main.py", line 164
    f"Score: {float(getattr(t, 'score', 0)):.2f}"
IndentationError: unexpected indent
  File "/root/steam_engine/main.py", line 164
    f"Score: {float(getattr(t, 'score', 0)):.2f}"
IndentationError: unexpected indent
----- Wed Feb 18 06:15:01 EST 2026 -----
  File "/root/steam_engine/main.py", line 164
    f"Score: {float(getattr(t, 'score', 0)):.2f}"
IndentationError: unexpected indent
  File "/root/steam_engine/main.py", line 164
    f"Score: {float(getattr(t, 'score', 0)):.2f}"
IndentationError: unexpected indent
----- Wed Feb 18 06:30:01 EST 2026 -----
  File "/root/steam_engine/main.py", line 164
    f"Score: {float(getattr(t, 'score', 0)):.2f}"
IndentationError: unexpected indent
  File "/root/steam_engine/main.py", line 164
    f"Score: {float(getattr(t, 'score', 0)):.2f}"
IndentationError: unexpected indent
----- Wed Feb 18 06:45:01 EST 2026 -----
  File "/root/steam_engine/main.py", line 164
    f"Score: {float(getattr(t, 'score', 0)):.2f}"
IndentationError: unexpected indent
  File "/root/steam_engine/main.py", line 164
    f"Score: {float(getattr(t, 'score', 0)):.2f}"
IndentationError: unexpected indent
----- Wed Feb 18 07:00:01 EST 2026 -----
  File "/root/steam_engine/main.py", line 164
    f"Score: {float(getattr(t, 'score', 0)):.2f}"
IndentationError: unexpected indent
  File "/root/steam_engine/main.py", line 164
    f"Score: {float(getattr(t, 'score', 0)):.2f}"
IndentationError: unexpected indent
----- Wed Feb 18 07:15:01 EST 2026 -----
  File "/root/steam_engine/main.py", line 164
    f"Score: {float(getattr(t, 'score', 0)):.2f}"
IndentationError: unexpected indent
  File "/root/steam_engine/main.py", line 164
    f"Score: {float(getattr(t, 'score', 0)):.2f}"
IndentationError: unexpected indent
----- Wed Feb 18 07:30:02 EST 2026 -----
  File "/root/steam_engine/main.py", line 164
    f"Score: {float(getattr(t, 'score', 0)):.2f}"
IndentationError: unexpected indent
  File "/root/steam_engine/main.py", line 164
    f"Score: {float(getattr(t, 'score', 0)):.2f}"
IndentationError: unexpected indent
----- Wed Feb 18 07:45:01 EST 2026 -----
  File "/root/steam_engine/main.py", line 164
    f"Score: {float(getattr(t, 'score', 0)):.2f}"
IndentationError: unexpected indent
  File "/root/steam_engine/main.py", line 164
    f"Score: {float(getattr(t, 'score', 0)):.2f}"
IndentationError: unexpected indent
----- Wed Feb 18 08:00:01 EST 2026 -----
  File "/root/steam_engine/main.py", line 164
    f"Score: {float(getattr(t, 'score', 0)):.2f}"
IndentationError: unexpected indent
  File "/root/steam_engine/main.py", line 164
    f"Score: {float(getattr(t, 'score', 0)):.2f}"
IndentationError: unexpected indent
----- Wed Feb 18 08:15:01 EST 2026 -----
  File "/root/steam_engine/main.py", line 164
    f"Score: {float(getattr(t, 'score', 0)):.2f}"
IndentationError: unexpected indent
  File "/root/steam_engine/main.py", line 164
    f"Score: {float(getattr(t, 'score', 0)):.2f}"
IndentationError: unexpected indent
----- Wed Feb 18 08:30:02 EST 2026 -----
  File "/root/steam_engine/main.py", line 164
    f"Score: {float(getattr(t, 'score', 0)):.2f}"
IndentationError: unexpected indent
  File "/root/steam_engine/main.py", line 164
    f"Score: {float(getattr(t, 'score', 0)):.2f}"
IndentationError: unexpected indent
----- Wed Feb 18 08:45:01 EST 2026 -----
  File "/root/steam_engine/main.py", line 164
    f"Score: {float(getattr(t, 'score', 0)):.2f}"
IndentationError: unexpected indent
  File "/root/steam_engine/main.py", line 164
    f"Score: {float(getattr(t, 'score', 0)):.2f}"
IndentationError: unexpected indent
----- Wed Feb 18 09:00:01 EST 2026 -----
  File "/root/steam_engine/main.py", line 164
    f"Score: {float(getattr(t, 'score', 0)):.2f}"
IndentationError: unexpected indent
  File "/root/steam_engine/main.py", line 164
    f"Score: {float(getattr(t, 'score', 0)):.2f}"
IndentationError: unexpected indent
----- Wed Feb 18 09:15:01 EST 2026 -----
  File "/root/steam_engine/main.py", line 164
    f"Score: {float(getattr(t, 'score', 0)):.2f}"
IndentationError: unexpected indent
  File "/root/steam_engine/main.py", line 164
    f"Score: {float(getattr(t, 'score', 0)):.2f}"
IndentationError: unexpected indent
----- Wed Feb 18 09:30:02 EST 2026 -----
  File "/root/steam_engine/main.py", line 164
    f"Score: {float(getattr(t, 'score', 0)):.2f}"
IndentationError: unexpected indent
  File "/root/steam_engine/main.py", line 164
    f"Score: {float(getattr(t, 'score', 0)):.2f}"
IndentationError: unexpected indent
----- Wed Feb 18 09:45:01 EST 2026 -----
  File "/root/steam_engine/main.py", line 164
    f"Score: {float(getattr(t, 'score', 0)):.2f}"
IndentationError: unexpected indent
  File "/root/steam_engine/main.py", line 164
    f"Score: {float(getattr(t, 'score', 0)):.2f}"
IndentationError: unexpected indent
----- Wed Feb 18 10:00:02 EST 2026 -----
  File "/root/steam_engine/main.py", line 164
    f"Score: {float(getattr(t, 'score', 0)):.2f}"
IndentationError: unexpected indent
  File "/root/steam_engine/main.py", line 164
    f"Score: {float(getattr(t, 'score', 0)):.2f}"
IndentationError: unexpected indent
----- Wed Feb 18 10:15:01 EST 2026 -----
  File "/root/steam_engine/main.py", line 164
    f"Score: {float(getattr(t, 'score', 0)):.2f}"
IndentationError: unexpected indent
  File "/root/steam_engine/main.py", line 164
    f"Score: {float(getattr(t, 'score', 0)):.2f}"
IndentationError: unexpected indent
----- Wed Feb 18 10:30:01 EST 2026 -----
  File "/root/steam_engine/main.py", line 164
    f"Score: {float(getattr(t, 'score', 0)):.2f}"
IndentationError: unexpected indent
  File "/root/steam_engine/main.py", line 164
    f"Score: {float(getattr(t, 'score', 0)):.2f}"
IndentationError: unexpected indent
----- Wed Feb 18 10:45:01 EST 2026 -----
  File "/root/steam_engine/main.py", line 164
    f"Score: {float(getattr(t, 'score', 0)):.2f}"
IndentationError: unexpected indent
  File "/root/steam_engine/main.py", line 164
    f"Score: {float(getattr(t, 'score', 0)):.2f}"
IndentationError: unexpected indent
----- Wed Feb 18 11:00:01 EST 2026 -----
  File "/root/steam_engine/main.py", line 164
    f"Score: {float(getattr(t, 'score', 0)):.2f}"
IndentationError: unexpected indent
  File "/root/steam_engine/main.py", line 164
    f"Score: {float(getattr(t, 'score', 0)):.2f}"
IndentationError: unexpected indent
----- Wed Feb 18 11:15:01 EST 2026 -----
  File "/root/steam_engine/main.py", line 164
    f"Score: {float(getattr(t, 'score', 0)):.2f}"
IndentationError: unexpected indent
  File "/root/steam_engine/main.py", line 164
    f"Score: {float(getattr(t, 'score', 0)):.2f}"
IndentationError: unexpected indent
----- Wed Feb 18 11:30:01 EST 2026 -----
  File "/root/steam_engine/main.py", line 164
    f"Score: {float(getattr(t, 'score', 0)):.2f}"
IndentationError: unexpected indent
  File "/root/steam_engine/main.py", line 164
    f"Score: {float(getattr(t, 'score', 0)):.2f}"
IndentationError: unexpected indent
----- Wed Feb 18 11:45:01 EST 2026 -----
  File "/root/steam_engine/main.py", line 164
    f"Score: {float(getattr(t, 'score', 0)):.2f}"
IndentationError: unexpected indent
  File "/root/steam_engine/main.py", line 164
    f"Score: {float(getattr(t, 'score', 0)):.2f}"
IndentationError: unexpected indent
----- Wed Feb 18 12:00:01 EST 2026 -----
  File "/root/steam_engine/main.py", line 164
    f"Score: {float(getattr(t, 'score', 0)):.2f}"
IndentationError: unexpected indent
  File "/root/steam_engine/main.py", line 164
    f"Score: {float(getattr(t, 'score', 0)):.2f}"
IndentationError: unexpected indent
----- Wed Feb 18 12:15:01 EST 2026 -----
[2026-02-18T17:15:10.677966+00:00] Inserted 1386 rows (duplicates ignored). Events returned: 60
No triggers.
[2026-02-18T17:15:10.935179+00:00] Inserted 1386 rows (duplicates ignored). Events returned: 60
No triggers.
----- Wed Feb 18 12:30:02 EST 2026 -----
[2026-02-18T17:30:12.130843+00:00] Inserted 1386 rows (duplicates ignored). Events returned: 60
No triggers.
[2026-02-18T17:30:12.431320+00:00] Inserted 1386 rows (duplicates ignored). Events returned: 60
No triggers.
----- Wed Feb 18 12:45:01 EST 2026 -----
[2026-02-18T17:45:10.070422+00:00] Inserted 1390 rows (duplicates ignored). Events returned: 60
No triggers.
[2026-02-18T17:45:10.304740+00:00] Inserted 1390 rows (duplicates ignored). Events returned: 60
No triggers.
----- Wed Feb 18 13:00:01 EST 2026 -----
  File "/root/steam_engine/main.py", line 262
    print(f"
          ^
SyntaxError: unterminated f-string literal (detected at line 262)
  File "/root/steam_engine/main.py", line 262
    print(f"
          ^
SyntaxError: unterminated f-string literal (detected at line 262)
----- Wed Feb 18 13:15:01 EST 2026 -----
[2026-02-18T18:15:11.267654+00:00] Inserted 1396 rows (dupes ignored). Events: 60
No triggers.
[2026-02-18T18:15:11.464984+00:00] Inserted 1396 rows (dupes ignored). Events: 60
No triggers.
----- Wed Feb 18 13:30:02 EST 2026 -----
[2026-02-18T18:30:13.496169+00:00] Inserted 1396 rows (dupes ignored). Events: 60
No triggers.
[2026-02-18T18:30:13.774171+00:00] Inserted 1396 rows (dupes ignored). Events: 60
No triggers.
----- Wed Feb 18 13:45:02 EST 2026 -----
[2026-02-18T18:45:10.510133+00:00] Inserted 1396 rows (dupes ignored). Events: 60
No triggers.
[2026-02-18T18:45:10.703249+00:00] Inserted 1396 rows (dupes ignored). Events: 60
No triggers.
----- Wed Feb 18 14:00:01 EST 2026 -----
  File "/root/steam_engine/main.py", line 88
    print(df.head(20).to_string(index=False))
IndentationError: unexpected indent
  File "/root/steam_engine/main.py", line 88
    print(df.head(20).to_string(index=False))
IndentationError: unexpected indent
----- Wed Feb 18 14:15:01 EST 2026 -----
  File "/root/steam_engine/main.py", line 88
    print(df.head(20).to_string(index=False))
IndentationError: unexpected indent
  File "/root/steam_engine/main.py", line 88
    print(df.head(20).to_string(index=False))
IndentationError: unexpected indent
----- Wed Feb 18 14:30:01 EST 2026 -----
Inserted 1394 rows (duplicates ignored). Events returned: 60
No triggers.
Inserted 1394 rows (duplicates ignored). Events returned: 60
No triggers.
----- Wed Feb 18 14:45:02 EST 2026 -----
Inserted 1498 rows (duplicates ignored). Events returned: 79
No triggers.
Inserted 1498 rows (duplicates ignored). Events returned: 79
No triggers.
----- Wed Feb 18 15:00:01 EST 2026 -----
[2026-02-18T20:00:12+00:00] Inserted 1598 rows (duplicates ignored). Events returned: 97
No triggers.
[2026-02-18T20:00:12+00:00] Inserted 1598 rows (duplicates ignored). Events returned: 97
No triggers.
----- Wed Feb 18 15:15:02 EST 2026 -----
[2026-02-18T20:15:10+00:00] Inserted 1602 rows (duplicates ignored). Events returned: 97
No triggers.
[2026-02-18T20:15:11+00:00] Inserted 1602 rows (duplicates ignored). Events returned: 97
No triggers.
----- Wed Feb 18 15:30:01 EST 2026 -----
Traceback (most recent call last):
  File "/root/steam_engine/main.py", line 15, in <module>
    from detect import detect_triggers, trigger_key_hash
  File "/root/steam_engine/detect.py", line 83
    df = df[df["commence_time_utc"] > pd.Timestamp.utcnow()].copy()
IndentationError: unexpected indent
Traceback (most recent call last):
  File "/root/steam_engine/main.py", line 15, in <module>
    from detect import detect_triggers, trigger_key_hash
  File "/root/steam_engine/detect.py", line 83
    df = df[df["commence_time_utc"] > pd.Timestamp.utcnow()].copy()
IndentationError: unexpected indent
----- Wed Feb 18 15:45:01 EST 2026 -----
[2026-02-18T20:45:10+00:00] Inserted 1602 rows (duplicates ignored). Events returned: 97
No triggers.
[2026-02-18T20:45:11+00:00] Inserted 1602 rows (duplicates ignored). Events returned: 97
No triggers.
----- Wed Feb 18 16:00:01 EST 2026 -----
[2026-02-18T21:00:13+00:00] Inserted 1602 rows (duplicates ignored). Events returned: 97
No triggers.
[2026-02-18T21:00:13+00:00] Inserted 1602 rows (duplicates ignored). Events returned: 97
No triggers.
----- Wed Feb 18 16:15:01 EST 2026 -----
[2026-02-18T21:15:10+00:00] Inserted 1602 rows (duplicates ignored). Events returned: 97
No triggers.
[2026-02-18T21:15:10+00:00] Inserted 1602 rows (duplicates ignored). Events returned: 97
No triggers.
----- Wed Feb 18 16:30:01 EST 2026 -----
[2026-02-18T21:30:12+00:00] Inserted 1826 rows (duplicates ignored). Events returned: 113
No triggers.
[2026-02-18T21:30:12+00:00] Inserted 1826 rows (duplicates ignored). Events returned: 113
No triggers.
----- Wed Feb 18 16:45:01 EST 2026 -----
[2026-02-18T21:45:10+00:00] Inserted 1846 rows (duplicates ignored). Events returned: 113
No triggers.
[2026-02-18T21:45:11+00:00] Inserted 1846 rows (duplicates ignored). Events returned: 113
No triggers.
----- Wed Feb 18 17:00:01 EST 2026 -----
Traceback (most recent call last):
  File "/root/steam_engine/main.py", line 460, in <module>
    main()
  File "/root/steam_engine/main.py", line 450, in main
    cmd_run(args, cfg)
  File "/root/steam_engine/main.py", line 103, in cmd_run
    cmd_pull(args, cfg)
  File "/root/steam_engine/main.py", line 57, in cmd_pull
    payload = client.odds(
              ^^^^^^^^^^^^
  File "/root/steam_engine/odds_api.py", line 19, in odds
    r.raise_for_status()
  File "/root/steam_engine/.venv/lib/python3.12/site-packages/requests/models.py", line 1026, in raise_for_status
    raise HTTPError(http_error_msg, response=self)
requests.exceptions.HTTPError: 401 Client Error: Unauthorized for url: https://api.the-odds-api.com/v4/sports/basketball_ncaab/odds?apiKey=PASTE_YOUR_ODDS_API_KEY_HERE&regions=us%2Cus2%2Ceu&markets=spreads%2Ctotals&oddsFormat=american&bookmakers=betmgm%2Cbetonlineag%2Cdraftkings%2Cfanduel%2Chardrockbet%2Cpinnacle
Traceback (most recent call last):
  File "/root/steam_engine/main.py", line 460, in <module>
    main()
  File "/root/steam_engine/main.py", line 450, in main
    cmd_run(args, cfg)
  File "/root/steam_engine/main.py", line 103, in cmd_run
    cmd_pull(args, cfg)
  File "/root/steam_engine/main.py", line 57, in cmd_pull
    payload = client.odds(
              ^^^^^^^^^^^^
  File "/root/steam_engine/odds_api.py", line 19, in odds
    r.raise_for_status()
  File "/root/steam_engine/.venv/lib/python3.12/site-packages/requests/models.py", line 1026, in raise_for_status
    raise HTTPError(http_error_msg, response=self)
requests.exceptions.HTTPError: 401 Client Error: Unauthorized for url: https://api.the-odds-api.com/v4/sports/basketball_ncaab/odds?apiKey=PASTE_YOUR_ODDS_API_KEY_HERE&regions=us%2Cus2%2Ceu&markets=spreads%2Ctotals&oddsFormat=american&bookmakers=betmgm%2Cbetonlineag%2Cdraftkings%2Cfanduel%2Chardrockbet%2Cpinnacle
----- Wed Feb 18 17:15:01 EST 2026 -----
Traceback (most recent call last):
  File "/root/steam_engine/main.py", line 464, in <module>
    main()
  File "/root/steam_engine/main.py", line 454, in main
    cmd_run(args, cfg)
  File "/root/steam_engine/main.py", line 103, in cmd_run
    cmd_pull(args, cfg)
  File "/root/steam_engine/main.py", line 57, in cmd_pull
    payload = client.odds(
              ^^^^^^^^^^^^
  File "/root/steam_engine/odds_api.py", line 19, in odds
    r.raise_for_status()
  File "/root/steam_engine/.venv/lib/python3.12/site-packages/requests/models.py", line 1026, in raise_for_status
    raise HTTPError(http_error_msg, response=self)
requests.exceptions.HTTPError: 401 Client Error: Unauthorized for url: https://api.the-odds-api.com/v4/sports/basketball_ncaab/odds?apiKey=PASTE_YOUR_ODDS_API_KEY_HERE&regions=us%2Cus2%2Ceu&markets=spreads%2Ctotals&oddsFormat=american&bookmakers=betmgm%2Cbetonlineag%2Cdraftkings%2Cfanduel%2Chardrockbet%2Cpinnacle
Traceback (most recent call last):
  File "/root/steam_engine/main.py", line 464, in <module>
    main()
  File "/root/steam_engine/main.py", line 454, in main
    cmd_run(args, cfg)
  File "/root/steam_engine/main.py", line 103, in cmd_run
    cmd_pull(args, cfg)
  File "/root/steam_engine/main.py", line 57, in cmd_pull
    payload = client.odds(
              ^^^^^^^^^^^^
  File "/root/steam_engine/odds_api.py", line 19, in odds
    r.raise_for_status()
  File "/root/steam_engine/.venv/lib/python3.12/site-packages/requests/models.py", line 1026, in raise_for_status
    raise HTTPError(http_error_msg, response=self)
requests.exceptions.HTTPError: 401 Client Error: Unauthorized for url: https://api.the-odds-api.com/v4/sports/basketball_ncaab/odds?apiKey=PASTE_YOUR_ODDS_API_KEY_HERE&regions=us%2Cus2%2Ceu&markets=spreads%2Ctotals&oddsFormat=american&bookmakers=betmgm%2Cbetonlineag%2Cdraftkings%2Cfanduel%2Chardrockbet%2Cpinnacle
----- Wed Feb 18 17:30:01 EST 2026 -----
[2026-02-18T22:30:12+00:00] Inserted 1926 rows (duplicates ignored). Events returned: 113
No triggers.
[2026-02-18T22:30:12+00:00] Inserted 1926 rows (duplicates ignored). Events returned: 113
No triggers.
----- Wed Feb 18 17:45:01 EST 2026 -----
[2026-02-18T22:45:10+00:00] Inserted 1926 rows (duplicates ignored). Events returned: 113
No triggers.
[2026-02-18T22:45:10+00:00] Inserted 1926 rows (duplicates ignored). Events returned: 113
No triggers.
